// Jest Snapshot v1, https://goo.gl/fbAQLP

exports[`Form component matches snapshot 1`] = `
<form
  className="col-12 form"
>
  <div
    className="row col-12"
  >
    <h4>
      <i>
        Clock Options
      </i>
    </h4>
  </div>
  <div
    className="row"
  >
    <div
      className="col-4"
    >
      <div
        className="form-group"
      >
        <label
          htmlFor="clock-size"
        >
          Clock size (px): 
          300px
        </label>
        <input
          className="form-control-range"
          id="clock-size"
          max="500"
          min="50"
          onChange={[Function]}
          type="range"
        />
      </div>
      <div
        className="form-group"
      >
        <label
          htmlFor="border-req-radios"
        >
          Use Custom Time?
        </label>
        <div
          className="form-check"
          name="custom-time-radios"
        >
          <input
            checked={false}
            className="form-check-input"
            id="custom-time-yes"
            name="custom-time-yes"
            onChange={[Function]}
            type="radio"
            value="yes"
          />
          <label
            className="form-check-label"
            htmlFor="custom-time-yes"
          >
            Yes
          </label>
        </div>
        <div
          className="form-check"
        >
          <input
            checked={true}
            className="form-check-input"
            id="custom-time-no"
            name="custom-time-no"
            onChange={[Function]}
            type="radio"
            value="no"
          />
          <label
            className="form-check-label"
            htmlFor="custom-time-no"
          >
            No
          </label>
        </div>
      </div>
      <div
        className="form-group"
      >
        <label
          htmlFor="border-req-radios"
        >
          Border Required?
        </label>
        <div
          className="form-check"
          name="border-req-radios"
        >
          <input
            checked={true}
            className="form-check-input"
            id="border-req-yes"
            name="border-req-yes"
            onChange={[Function]}
            type="radio"
            value="yes"
          />
          <label
            className="form-check-label"
            htmlFor="border-req-yes"
          >
            Yes
          </label>
        </div>
        <div
          className="form-check"
        >
          <input
            checked={false}
            className="form-check-input"
            id="border-req-no"
            name="bored-req-no"
            onChange={[Function]}
            type="radio"
            value="no"
          />
          <label
            className="form-check-label"
            htmlFor="bored-req-no"
          >
            No
          </label>
        </div>
      </div>
    </div>
    <div
      className="col-4"
    >
      <div
        className="form-group"
      >
        <label
          htmlFor="clock-border-color"
        >
          Clock border color
        </label>
        <input
          className="form-control"
          id="clock-border-color"
          maxLength="6"
          name="borderColor"
          onChange={[Function]}
          placeholder="2e2e2e"
          type="input"
        />
      </div>
      <div
        className="form-group"
      >
        <label
          htmlFor="clock-base-color"
        >
          Clock base color
        </label>
        <input
          className="form-control"
          id="clock-base-color"
          maxLength="6"
          name="baseColor"
          onChange={[Function]}
          placeholder="17a2b8"
          type="input"
        />
      </div>
      <div
        className="form-group"
      >
        <label
          htmlFor="clock-center-color"
        >
          Clock center color
        </label>
        <input
          className="form-control"
          id="clock-center-color"
          maxLength="6"
          name="centerColor"
          onChange={[Function]}
          placeholder="459cff"
          type="input"
        />
      </div>
      <div
        className="form-group"
      >
        <label
          htmlFor="clock-center-border-color"
        >
          Clock center border color
        </label>
        <input
          className="form-control"
          id="clock-center-border-color"
          maxLength="6"
          name="centerBorderColor"
          onChange={[Function]}
          placeholder="fff"
          type="input"
        />
      </div>
    </div>
    <div
      className="col-4"
    >
      <div
        className="form-group"
      >
        <label
          htmlFor="second-hand-color"
        >
          Second Hand color
        </label>
        <input
          className="form-control"
          id="second-hand-color"
          maxLength="6"
          name="second"
          onChange={[Function]}
          placeholder="d81c7a"
          type="input"
        />
      </div>
      <div
        className="form-group"
      >
        <label
          htmlFor="minute-hand-color"
        >
          Minute Hand color
        </label>
        <input
          className="form-control"
          id="minute-hand-color"
          maxLength="6"
          name="minute"
          onChange={[Function]}
          placeholder="fff"
          type="input"
        />
      </div>
      <div
        className="form-group"
      >
        <label
          htmlFor="hour-hand-color"
        >
          Hour Hand color
        </label>
        <input
          className="form-control"
          id="hour-hand-color"
          maxLength="6"
          name="hour"
          onChange={[Function]}
          placeholder="fff"
          type="input"
        />
      </div>
    </div>
  </div>
  <div
    className="row col-12 d-flex justify-content-center"
  >
    <button
      className="btn btn-primary"
      id="build"
      onClick={[Function]}
      type="submit"
    >
      Build Clock!
    </button>
    Â 
    <button
      className="btn btn-warning"
      id="surprise"
      onClick={[Function]}
      type="submit"
    >
      Surprise Me!
    </button>
  </div>
</form>
`;
